Component: ARM Compiler 5.05 update 2 (build 169) Tool: armlink [4d0f33]

==============================================================================

Section Cross References

    main.o(.text) refers to bsp.o(.text) for BspInit
    main.o(.text) refers to bsp_clock.o(.text) for BspIwdgConfiguration
    main.o(.text) refers to timer.o(.text) for TIM3_PWM_Init
    main.o(.text) refers to stm32f10x_iwdg.o(.text) for IWDG_ReloadCounter
    main.o(.text) refers to rs232.o(.text) for Rx232ProcessFunc
    main.o(.text) refers to port.o(.text) for led_display
    main.o(.text) refers to stm32f10x_usart.o(.text) for USART_SendData
    main.o(.text) refers to rs232.o(.data) for WorkNumber_Value
    main.o(.text) refers to main.o(.data) for OnceFlag
    stm32f10x_it.o(.text) refers to stm32f10x_tim.o(.text) for TIM_GetITStatus
    stm32f10x_it.o(.text) refers to stm32f10x_wwdg.o(.text) for WWDG_ClearFlag
    stm32f10x_it.o(.text) refers to stm32f10x_usart.o(.text) for USART_GetITStatus
    stm32f10x_it.o(.text) refers to stm32f10x_rtc.o(.text) for RTC_GetITStatus
    stm32f10x_it.o(.text) refers to stm32f10x_exti.o(.text) for EXTI_GetITStatus
    stm32f10x_it.o(.text) refers to port.o(.text) for NoneTape_Func
    stm32f10x_it.o(.text) refers to stm32f10x_it.o(.data) for LedTimer
    stm32f10x_it.o(.text) refers to bsp232.o(.data) for Rs232ReceiveCount
    stm32f10x_it.o(.text) refers to bsp232.o(.bss) for Rs232RxBuffer
    stm32f10x_it.o(.text) refers to timer.o(.data) for StepCount
    stm32f10x_it.o(.text) refers to main.o(.data) for OnceFlag
    stm32f10x_it.o(.text) refers to rs232.o(.data) for Mode
    bsp.o(.text) refers to bsp_clock.o(.text) for BspClock72SetOut
    bsp.o(.text) refers to bsp232.o(.text) for BspRs232Init
    bsp.o(.text) refers to bsp_gpio.o(.text) for BspGpioInit
    bsp.o(.text) refers to exit.o(.text) for EXITX_Init
    bsp_clock.o(.text) refers to stm32f10x_rcc.o(.text) for RCC_DeInit
    bsp_clock.o(.text) refers to stm32f10x_flash.o(.text) for FLASH_PrefetchBufferCmd
    bsp_clock.o(.text) refers to misc.o(.text) for NVIC_PriorityGroupConfig
    bsp_clock.o(.text) refers to stm32f10x_wwdg.o(.text) for WWDG_SetPrescaler
    bsp_clock.o(.text) refers to stm32f10x_iwdg.o(.text) for IWDG_WriteAccessCmd
    bsp_clock.o(.text) refers to system_stm32f10x.o(.data) for SystemCoreClock
    bsp_gpio.o(.text) refers to stm32f10x_rcc.o(.text) for RCC_APB2PeriphClockCmd
    bsp_gpio.o(.text) refers to stm32f10x_pwr.o(.text) for PWR_BackupAccessCmd
    bsp_gpio.o(.text) refers to stm32f10x_gpio.o(.text) for GPIO_PinRemapConfig
    bsp_gpio.o(.text) refers to stm32f10x_bkp.o(.text) for BKP_TamperPinCmd
    bsp_gpio.o(.text) refers to stm32f10x_flash.o(.text) for FLASH_Unlock
    bsp_gpio.o(.text) refers to bsp_gpio.o(.bss) for GlobalWriteData
    bsp_gpio.o(.text) refers to bsp_gpio.o(.data) for GlobalStop
    bsp232.o(.text) refers to misc.o(.text) for NVIC_Init
    bsp232.o(.text) refers to stm32f10x_rcc.o(.text) for RCC_APB2PeriphClockCmd
    bsp232.o(.text) refers to stm32f10x_gpio.o(.text) for GPIO_Init
    bsp232.o(.text) refers to stm32f10x_usart.o(.text) for USART_Init
    bsp232.o(.text) refers to bsp232.o(.bss) for Rs232TxBuffer
    bsp232.o(.text) refers to bsp232.o(.data) for Rs232Time1
    rs232.o(.text) refers to bsp232.o(.text) for BspRs232Write
    rs232.o(.text) refers to rs232.o(.bss) for Rs232RxProcessBuffer
    rs232.o(.text) refers to rs232.o(.data) for WorkNumber_Value
    rs232.o(.text) refers to main.o(.data) for OnceFlag
    rs232.o(.text) refers to bsp232.o(.bss) for Rs232TxBuffer
    rs232.o(.text) refers to port.o(.data) for NoneTapeFlag
    rs232.o(.text) refers to bsp232.o(.data) for Rs232ReceiveCount
    rs232.o(.text) refers to stm32f10x_it.o(.data) for SendDataTimer
    port.o(.text) refers to stm32f10x_it.o(.data) for LedTimer
    port.o(.text) refers to main.o(.data) for OutputLedStatus
    port.o(.text) refers to rs232.o(.data) for Start_Flag
    port.o(.text) refers to port.o(.data) for NoneTapeFlag
    timer.o(.text) refers to stm32f10x_rcc.o(.text) for RCC_APB1PeriphClockCmd
    timer.o(.text) refers to stm32f10x_gpio.o(.text) for GPIO_Init
    timer.o(.text) refers to stm32f10x_tim.o(.text) for TIM_TimeBaseInit
    timer.o(.text) refers to misc.o(.text) for NVIC_Init
    timer.o(.text) refers to dfltui.o(.text) for __aeabi_ui2d
    timer.o(.text) refers to dmul.o(.text) for __aeabi_dmul
    timer.o(.text) refers to dfixui.o(.text) for __aeabi_d2uiz
    timer.o(.text) refers to timer.o(.data) for StepCount
    exit.o(.text) refers to stm32f10x_rcc.o(.text) for RCC_APB2PeriphClockCmd
    exit.o(.text) refers to stm32f10x_gpio.o(.text) for GPIO_Init
    exit.o(.text) refers to stm32f10x_exti.o(.text) for EXTI_Init
    exit.o(.text) refers to misc.o(.text) for NVIC_Init
    system_stm32f10x.o(.text) refers to system_stm32f10x.o(.data) for SystemCoreClock
    startup_stm32f10x_md.o(RESET) refers to startup_stm32f10x_md.o(STACK) for __initial_sp
    startup_stm32f10x_md.o(RESET) refers to startup_stm32f10x_md.o(.text) for Reset_Handler
    startup_stm32f10x_md.o(RESET) refers to stm32f10x_it.o(.text) for NMI_Handler
    startup_stm32f10x_md.o(.text) refers to system_stm32f10x.o(.text) for SystemInit
    startup_stm32f10x_md.o(.text) refers to entry.o(.ARM.Collect$$$$00000000) for __main
    stm32f10x_adc.o(.text) refers to stm32f10x_rcc.o(.text) for RCC_APB2PeriphResetCmd
    stm32f10x_bkp.o(.text) refers to stm32f10x_rcc.o(.text) for RCC_BackupResetCmd
    stm32f10x_can.o(.text) refers to stm32f10x_rcc.o(.text) for RCC_APB1PeriphResetCmd
    stm32f10x_cec.o(.text) refers to stm32f10x_rcc.o(.text) for RCC_APB1PeriphResetCmd
    stm32f10x_dac.o(.text) refers to stm32f10x_rcc.o(.text) for RCC_APB1PeriphResetCmd
    stm32f10x_gpio.o(.text) refers to stm32f10x_rcc.o(.text) for RCC_APB2PeriphResetCmd
    stm32f10x_i2c.o(.text) refers to stm32f10x_rcc.o(.text) for RCC_APB1PeriphResetCmd
    stm32f10x_pwr.o(.text) refers to stm32f10x_rcc.o(.text) for RCC_APB1PeriphResetCmd
    stm32f10x_rcc.o(.text) refers to stm32f10x_rcc.o(.data) for APBAHBPrescTable
    stm32f10x_spi.o(.text) refers to stm32f10x_rcc.o(.text) for RCC_APB2PeriphResetCmd
    stm32f10x_tim.o(.text) refers to stm32f10x_rcc.o(.text) for RCC_APB2PeriphResetCmd
    stm32f10x_usart.o(.text) refers to stm32f10x_rcc.o(.text) for RCC_APB2PeriphResetCmd
    stm32f10x_wwdg.o(.text) refers to stm32f10x_rcc.o(.text) for RCC_APB1PeriphResetCmd
    entry.o(.ARM.Collect$$$$00000000) refers (Special) to entry10a.o(.ARM.Collect$$$$0000000D) for __rt_final_cpp
    entry.o(.ARM.Collect$$$$00000000) refers (Special) to entry11a.o(.ARM.Collect$$$$0000000F) for __rt_final_exit
    entry.o(.ARM.Collect$$$$00000000) refers (Special) to entry7b.o(.ARM.Collect$$$$00000008) for _main_clock
    entry.o(.ARM.Collect$$$$00000000) refers (Special) to entry8b.o(.ARM.Collect$$$$0000000A) for _main_cpp_init
    entry.o(.ARM.Collect$$$$00000000) refers (Special) to entry9a.o(.ARM.Collect$$$$0000000B) for _main_init
    entry.o(.ARM.Collect$$$$00000000) refers (Special) to entry5.o(.ARM.Collect$$$$00000004) for _main_scatterload
    entry.o(.ARM.Collect$$$$00000000) refers (Special) to entry2.o(.ARM.Collect$$$$00000001) for _main_stk
    dmul.o(.text) refers (Special) to iusefp.o(.text) for __I$use$fp
    dmul.o(.text) refers to depilogue.o(.text) for _double_epilogue
    dfltui.o(.text) refers (Special) to iusefp.o(.text) for __I$use$fp
    dfltui.o(.text) refers to depilogue.o(.text) for _double_epilogue
    dfixui.o(.text) refers (Special) to iusefp.o(.text) for __I$use$fp
    dfixui.o(.text) refers to llushr.o(.text) for __aeabi_llsr
    entry2.o(.ARM.Collect$$$$00000001) refers to entry2.o(.ARM.Collect$$$$00002712) for __lit__00000000
    entry2.o(.ARM.Collect$$$$00002712) refers to startup_stm32f10x_md.o(STACK) for __initial_sp
    entry2.o(__vectab_stack_and_reset_area) refers to startup_stm32f10x_md.o(STACK) for __initial_sp
    entry2.o(__vectab_stack_and_reset_area) refers to entry.o(.ARM.Collect$$$$00000000) for __main
    entry5.o(.ARM.Collect$$$$00000004) refers to init.o(.text) for __scatterload
    entry9a.o(.ARM.Collect$$$$0000000B) refers to main.o(.text) for main
    entry9b.o(.ARM.Collect$$$$0000000C) refers to main.o(.text) for main
    depilogue.o(.text) refers to llshl.o(.text) for __aeabi_llsl
    depilogue.o(.text) refers to llushr.o(.text) for __aeabi_llsr
    init.o(.text) refers to entry5.o(.ARM.Collect$$$$00000004) for __main_after_scatterload


==============================================================================

Removing Unused input sections from the image.

    Removing common.o(.text), (152 bytes).
    Removing sys.o(.emb_text), (6 bytes).
    Removing sys.o(.text), (12 bytes).
    Removing core_cm3.o(.emb_text), (32 bytes).
    Removing startup_stm32f10x_md.o(HEAP), (512 bytes).
    Removing stm32f10x_adc.o(.text), (1102 bytes).
    Removing stm32f10x_can.o(.text), (2544 bytes).
    Removing stm32f10x_cec.o(.text), (288 bytes).
    Removing stm32f10x_crc.o(.text), (72 bytes).
    Removing stm32f10x_dac.o(.text), (396 bytes).
    Removing stm32f10x_dbgmcu.o(.text), (48 bytes).
    Removing stm32f10x_dma.o(.text), (596 bytes).
    Removing stm32f10x_fsmc.o(.text), (1548 bytes).
    Removing stm32f10x_i2c.o(.text), (1028 bytes).
    Removing stm32f10x_sdio.o(.text), (468 bytes).
    Removing stm32f10x_spi.o(.text), (780 bytes).

16 unused section(s) (total 9584 bytes) removed from the image.

==============================================================================

Image Symbol Table

    Local Symbols

    Symbol Name                              Value     Ov Type        Size  Object(Section)

    ../clib/microlib/init/entry.s            0x00000000   Number         0  entry9a.o ABSOLUTE
    ../clib/microlib/init/entry.s            0x00000000   Number         0  entry10b.o ABSOLUTE
    ../clib/microlib/init/entry.s            0x00000000   Number         0  entry11b.o ABSOLUTE
    ../clib/microlib/init/entry.s            0x00000000   Number         0  entry8a.o ABSOLUTE
    ../clib/microlib/init/entry.s            0x00000000   Number         0  entry10a.o ABSOLUTE
    ../clib/microlib/init/entry.s            0x00000000   Number         0  entry9b.o ABSOLUTE
    ../clib/microlib/init/entry.s            0x00000000   Number         0  entry.o ABSOLUTE
    ../clib/microlib/init/entry.s            0x00000000   Number         0  entry2.o ABSOLUTE
    ../clib/microlib/init/entry.s            0x00000000   Number         0  entry11a.o ABSOLUTE
    ../clib/microlib/init/entry.s            0x00000000   Number         0  entry7b.o ABSOLUTE
    ../clib/microlib/init/entry.s            0x00000000   Number         0  entry5.o ABSOLUTE
    ../clib/microlib/init/entry.s            0x00000000   Number         0  entry7a.o ABSOLUTE
    ../clib/microlib/init/entry.s            0x00000000   Number         0  entry8b.o ABSOLUTE
    ../clib/microlib/longlong.c              0x00000000   Number         0  llushr.o ABSOLUTE
    ../clib/microlib/longlong.c              0x00000000   Number         0  llshl.o ABSOLUTE
    ../clib/microlib/stubs.s                 0x00000000   Number         0  iusefp.o ABSOLUTE
    ../fplib/microlib/fpepilogue.c           0x00000000   Number         0  depilogue.o ABSOLUTE
    ../fplib/microlib/fpfix.c                0x00000000   Number         0  dfixui.o ABSOLUTE
    ../fplib/microlib/fpflt.c                0x00000000   Number         0  dfltui.o ABSOLUTE
    ../fplib/microlib/fpmul.c                0x00000000   Number         0  dmul.o ABSOLUTE
    ..\Bsp\bsp.c                             0x00000000   Number         0  bsp.o ABSOLUTE
    ..\Bsp\bsp232.c                          0x00000000   Number         0  bsp232.o ABSOLUTE
    ..\Bsp\bsp_clock.c                       0x00000000   Number         0  bsp_clock.o ABSOLUTE
    ..\Bsp\bsp_gpio.c                        0x00000000   Number         0  bsp_gpio.o ABSOLUTE
    ..\Libraries\CMSIS\Core3\core_cm3.c      0x00000000   Number         0  core_cm3.o ABSOLUTE
    ..\Libraries\CMSIS\Core3\system_stm32f10x.c 0x00000000   Number         0  system_stm32f10x.o ABSOLUTE
    ..\Libraries\CMSIS\StartUp\arm\startup_stm32f10x_md.s 0x00000000   Number         0  startup_stm32f10x_md.o ABSOLUTE
    ..\Libraries\src\misc.c                  0x00000000   Number         0  misc.o ABSOLUTE
    ..\Libraries\src\stm32f10x_adc.c         0x00000000   Number         0  stm32f10x_adc.o ABSOLUTE
    ..\Libraries\src\stm32f10x_bkp.c         0x00000000   Number         0  stm32f10x_bkp.o ABSOLUTE
    ..\Libraries\src\stm32f10x_can.c         0x00000000   Number         0  stm32f10x_can.o ABSOLUTE
    ..\Libraries\src\stm32f10x_cec.c         0x00000000   Number         0  stm32f10x_cec.o ABSOLUTE
    ..\Libraries\src\stm32f10x_crc.c         0x00000000   Number         0  stm32f10x_crc.o ABSOLUTE
    ..\Libraries\src\stm32f10x_dac.c         0x00000000   Number         0  stm32f10x_dac.o ABSOLUTE
    ..\Libraries\src\stm32f10x_dbgmcu.c      0x00000000   Number         0  stm32f10x_dbgmcu.o ABSOLUTE
    ..\Libraries\src\stm32f10x_dma.c         0x00000000   Number         0  stm32f10x_dma.o ABSOLUTE
    ..\Libraries\src\stm32f10x_exti.c        0x00000000   Number         0  stm32f10x_exti.o ABSOLUTE
    ..\Libraries\src\stm32f10x_flash.c       0x00000000   Number         0  stm32f10x_flash.o ABSOLUTE
    ..\Libraries\src\stm32f10x_fsmc.c        0x00000000   Number         0  stm32f10x_fsmc.o ABSOLUTE
    ..\Libraries\src\stm32f10x_gpio.c        0x00000000   Number         0  stm32f10x_gpio.o ABSOLUTE
    ..\Libraries\src\stm32f10x_i2c.c         0x00000000   Number         0  stm32f10x_i2c.o ABSOLUTE
    ..\Libraries\src\stm32f10x_iwdg.c        0x00000000   Number         0  stm32f10x_iwdg.o ABSOLUTE
    ..\Libraries\src\stm32f10x_pwr.c         0x00000000   Number         0  stm32f10x_pwr.o ABSOLUTE
    ..\Libraries\src\stm32f10x_rcc.c         0x00000000   Number         0  stm32f10x_rcc.o ABSOLUTE
    ..\Libraries\src\stm32f10x_rtc.c         0x00000000   Number         0  stm32f10x_rtc.o ABSOLUTE
    ..\Libraries\src\stm32f10x_sdio.c        0x00000000   Number         0  stm32f10x_sdio.o ABSOLUTE
    ..\Libraries\src\stm32f10x_spi.c         0x00000000   Number         0  stm32f10x_spi.o ABSOLUTE
    ..\Libraries\src\stm32f10x_tim.c         0x00000000   Number         0  stm32f10x_tim.o ABSOLUTE
    ..\Libraries\src\stm32f10x_usart.c       0x00000000   Number         0  stm32f10x_usart.o ABSOLUTE
    ..\Libraries\src\stm32f10x_wwdg.c        0x00000000   Number         0  stm32f10x_wwdg.o ABSOLUTE
    ..\Main\main.c                           0x00000000   Number         0  main.o ABSOLUTE
    ..\Main\stm32f10x_it.c                   0x00000000   Number         0  stm32f10x_it.o ABSOLUTE
    ..\User\common.c                         0x00000000   Number         0  common.o ABSOLUTE
    ..\User\delay.c                          0x00000000   Number         0  delay.o ABSOLUTE
    ..\User\exit.c                           0x00000000   Number         0  exit.o ABSOLUTE
    ..\User\port.c                           0x00000000   Number         0  port.o ABSOLUTE
    ..\User\rs232.c                          0x00000000   Number         0  rs232.o ABSOLUTE
    ..\User\sys.c                            0x00000000   Number         0  sys.o ABSOLUTE
    ..\User\timer.c                          0x00000000   Number         0  timer.o ABSOLUTE
    ..\\Libraries\\CMSIS\\Core3\\core_cm3.c  0x00000000   Number         0  core_cm3.o ABSOLUTE
    ..\\User\\sys.c                          0x00000000   Number         0  sys.o ABSOLUTE
    dc.s                                     0x00000000   Number         0  dc.o ABSOLUTE
    handlers.s                               0x00000000   Number         0  handlers.o ABSOLUTE
    init.s                                   0x00000000   Number         0  init.o ABSOLUTE
    RESET                                    0x08000000   Section      236  startup_stm32f10x_md.o(RESET)
    .ARM.Collect$$$$00000000                 0x080000ec   Section        0  entry.o(.ARM.Collect$$$$00000000)
    .ARM.Collect$$$$00000001                 0x080000ec   Section        4  entry2.o(.ARM.Collect$$$$00000001)
    .ARM.Collect$$$$00000004                 0x080000f0   Section        4  entry5.o(.ARM.Collect$$$$00000004)
    .ARM.Collect$$$$00000008                 0x080000f4   Section        0  entry7b.o(.ARM.Collect$$$$00000008)
    .ARM.Collect$$$$0000000A                 0x080000f4   Section        0  entry8b.o(.ARM.Collect$$$$0000000A)
    .ARM.Collect$$$$0000000B                 0x080000f4   Section        8  entry9a.o(.ARM.Collect$$$$0000000B)
    .ARM.Collect$$$$0000000D                 0x080000fc   Section        0  entry10a.o(.ARM.Collect$$$$0000000D)
    .ARM.Collect$$$$0000000F                 0x080000fc   Section        0  entry11a.o(.ARM.Collect$$$$0000000F)
    .ARM.Collect$$$$00002712                 0x080000fc   Section        4  entry2.o(.ARM.Collect$$$$00002712)
    __lit__00000000                          0x080000fc   Data           4  entry2.o(.ARM.Collect$$$$00002712)
    .text                                    0x08000100   Section        0  main.o(.text)
    .text                                    0x080001b8   Section        0  stm32f10x_it.o(.text)
    .text                                    0x080003d8   Section        0  bsp.o(.text)
    .text                                    0x080003ec   Section        0  bsp_clock.o(.text)
    .text                                    0x08000524   Section        0  bsp_gpio.o(.text)
    .text                                    0x08000870   Section        0  bsp232.o(.text)
    .text                                    0x08000990   Section        0  rs232.o(.text)
    .text                                    0x08000e3c   Section        0  port.o(.text)
    .text                                    0x08000f2c   Section        0  timer.o(.text)
    .text                                    0x08001114   Section        0  exit.o(.text)
    .text                                    0x08001180   Section        0  system_stm32f10x.o(.text)
    SetSysClockTo72                          0x08001181   Thumb Code   214  system_stm32f10x.o(.text)
    SetSysClock                              0x08001257   Thumb Code     8  system_stm32f10x.o(.text)
    .text                                    0x08001368   Section       36  startup_stm32f10x_md.o(.text)
    .text                                    0x0800138c   Section        0  misc.o(.text)
    .text                                    0x08001468   Section        0  stm32f10x_bkp.o(.text)
    .text                                    0x0800152c   Section        0  stm32f10x_exti.o(.text)
    .text                                    0x08001648   Section        0  stm32f10x_flash.o(.text)
    .text                                    0x08001c04   Section        0  stm32f10x_gpio.o(.text)
    .text                                    0x08001f60   Section        0  stm32f10x_iwdg.o(.text)
    .text                                    0x08001fa0   Section        0  stm32f10x_pwr.o(.text)
    .text                                    0x0800206c   Section        0  stm32f10x_rcc.o(.text)
    .text                                    0x08002418   Section        0  stm32f10x_rtc.o(.text)
    .text                                    0x08002560   Section        0  stm32f10x_tim.o(.text)
    TI4_Config                               0x08002a07   Thumb Code   130  stm32f10x_tim.o(.text)
    TI3_Config                               0x08002a9b   Thumb Code   122  stm32f10x_tim.o(.text)
    TI2_Config                               0x08002b2f   Thumb Code   130  stm32f10x_tim.o(.text)
    TI1_Config                               0x08002bc3   Thumb Code   108  stm32f10x_tim.o(.text)
    .text                                    0x0800337c   Section        0  stm32f10x_usart.o(.text)
    .text                                    0x08003784   Section        0  stm32f10x_wwdg.o(.text)
    .text                                    0x0800380c   Section        0  dmul.o(.text)
    .text                                    0x080038f0   Section        0  dfltui.o(.text)
    .text                                    0x0800390a   Section        0  dfixui.o(.text)
    .text                                    0x0800393c   Section        0  llushr.o(.text)
    .text                                    0x0800395c   Section        0  iusefp.o(.text)
    .text                                    0x0800395c   Section        0  depilogue.o(.text)
    .text                                    0x08003a18   Section       36  init.o(.text)
    .text                                    0x08003a3c   Section        0  llshl.o(.text)
    i.__scatterload_copy                     0x08003a5a   Section       14  handlers.o(i.__scatterload_copy)
    i.__scatterload_null                     0x08003a68   Section        2  handlers.o(i.__scatterload_null)
    i.__scatterload_zeroinit                 0x08003a6a   Section       14  handlers.o(i.__scatterload_zeroinit)
    .data                                    0x20000000   Section        2  main.o(.data)
    .data                                    0x20000004   Section       10  stm32f10x_it.o(.data)
    .data                                    0x2000000e   Section        1  bsp_gpio.o(.data)
    .data                                    0x20000010   Section        8  bsp232.o(.data)
    .data                                    0x20000018   Section       12  rs232.o(.data)
    .data                                    0x20000024   Section        1  port.o(.data)
    .data                                    0x20000028   Section       10  timer.o(.data)
    .data                                    0x20000034   Section       20  system_stm32f10x.o(.data)
    .data                                    0x20000048   Section       20  stm32f10x_rcc.o(.data)
    APBAHBPrescTable                         0x20000048   Data          16  stm32f10x_rcc.o(.data)
    ADCPrescTable                            0x20000058   Data           4  stm32f10x_rcc.o(.data)
    .bss                                     0x2000005c   Section      126  bsp_gpio.o(.bss)
    .bss                                     0x200000da   Section     1024  bsp232.o(.bss)
    .bss                                     0x200004da   Section      512  rs232.o(.bss)
    STACK                                    0x200006e0   Section     1024  startup_stm32f10x_md.o(STACK)

    Global Symbols

    Symbol Name                              Value     Ov Type        Size  Object(Section)

    BuildAttributes$$THM_ISAv4$P$D$K$B$S$PE$A:L22UL41UL21$X:L11$S22US41US21$IEEE1$IW$USESV6$~STKCKD$USESV7$~SHL$OSPACE$ROPI$EBA8$MICROLIB$REQ8$PRES8$EABIv2 0x00000000   Number         0  anon$$obj.o ABSOLUTE
    __ARM_use_no_argv                        0x00000000   Number         0  main.o ABSOLUTE
    __cpp_initialize__aeabi_                  - Undefined Weak Reference
    __cxa_finalize                            - Undefined Weak Reference
    __decompress                              - Undefined Weak Reference
    _clock_init                               - Undefined Weak Reference
    _microlib_exit                            - Undefined Weak Reference
    __Vectors_Size                           0x000000ec   Number         0  startup_stm32f10x_md.o ABSOLUTE
    __Vectors                                0x08000000   Data           4  startup_stm32f10x_md.o(RESET)
    __Vectors_End                            0x080000ec   Data           0  startup_stm32f10x_md.o(RESET)
    __main                                   0x080000ed   Thumb Code     0  entry.o(.ARM.Collect$$$$00000000)
    _main_stk                                0x080000ed   Thumb Code     0  entry2.o(.ARM.Collect$$$$00000001)
    _main_scatterload                        0x080000f1   Thumb Code     0  entry5.o(.ARM.Collect$$$$00000004)
    __main_after_scatterload                 0x080000f5   Thumb Code     0  entry5.o(.ARM.Collect$$$$00000004)
    _main_clock                              0x080000f5   Thumb Code     0  entry7b.o(.ARM.Collect$$$$00000008)
    _main_cpp_init                           0x080000f5   Thumb Code     0  entry8b.o(.ARM.Collect$$$$0000000A)
    _main_init                               0x080000f5   Thumb Code     0  entry9a.o(.ARM.Collect$$$$0000000B)
    __rt_final_cpp                           0x080000fd   Thumb Code     0  entry10a.o(.ARM.Collect$$$$0000000D)
    __rt_final_exit                          0x080000fd   Thumb Code     0  entry11a.o(.ARM.Collect$$$$0000000F)
    main                                     0x08000101   Thumb Code    90  main.o(.text)
    fputc                                    0x0800015b   Thumb Code    32  main.o(.text)
    GetKey                                   0x0800017b   Thumb Code    26  main.o(.text)
    assert_failed                            0x08000195   Thumb Code     4  main.o(.text)
    NMI_Handler                              0x080001b9   Thumb Code     2  stm32f10x_it.o(.text)
    HardFault_Handler                        0x080001bb   Thumb Code     4  stm32f10x_it.o(.text)
    MemManage_Handler                        0x080001bf   Thumb Code     4  stm32f10x_it.o(.text)
    BusFault_Handler                         0x080001c3   Thumb Code     4  stm32f10x_it.o(.text)
    UsageFault_Handler                       0x080001c7   Thumb Code     4  stm32f10x_it.o(.text)
    SVC_Handler                              0x080001cb   Thumb Code     2  stm32f10x_it.o(.text)
    DebugMon_Handler                         0x080001cd   Thumb Code     2  stm32f10x_it.o(.text)
    PendSV_Handler                           0x080001cf   Thumb Code     2  stm32f10x_it.o(.text)
    SysTick_Handler                          0x080001d1   Thumb Code    32  stm32f10x_it.o(.text)
    USB_LP_CAN1_RX0_IRQHandler               0x080001f1   Thumb Code     2  stm32f10x_it.o(.text)
    TIM3_IRQHandler                          0x080001f3   Thumb Code    22  stm32f10x_it.o(.text)
    ADC1_2_IRQHandler                        0x08000209   Thumb Code     2  stm32f10x_it.o(.text)
    WWDG_IRQHandler                          0x0800020b   Thumb Code     8  stm32f10x_it.o(.text)
    USART1_IRQHandler                        0x08000213   Thumb Code    14  stm32f10x_it.o(.text)
    USART2_IRQHandler                        0x08000221   Thumb Code    88  stm32f10x_it.o(.text)
    USART3_IRQHandler                        0x08000279   Thumb Code    14  stm32f10x_it.o(.text)
    UART4_IRQHandler                         0x08000287   Thumb Code    14  stm32f10x_it.o(.text)
    DMA1_Channel4_IRQHandler                 0x08000295   Thumb Code     2  stm32f10x_it.o(.text)
    DMA1_Channel5_IRQHandler                 0x08000297   Thumb Code     2  stm32f10x_it.o(.text)
    TIM4_IRQHandler                          0x08000299   Thumb Code    22  stm32f10x_it.o(.text)
    TIM2_IRQHandler                          0x080002af   Thumb Code    22  stm32f10x_it.o(.text)
    RTC_IRQHandler                           0x080002c5   Thumb Code    18  stm32f10x_it.o(.text)
    EXTI9_5_IRQHandler                       0x080002d7   Thumb Code    18  stm32f10x_it.o(.text)
    EXTI0_IRQHandler                         0x080002e9   Thumb Code    18  stm32f10x_it.o(.text)
    EXTI1_IRQHandler                         0x080002fb   Thumb Code    18  stm32f10x_it.o(.text)
    EXTI4_IRQHandler                         0x0800030d   Thumb Code   126  stm32f10x_it.o(.text)
    BspInit                                  0x080003d9   Thumb Code    20  bsp.o(.text)
    BspClock72SetOut                         0x080003ed   Thumb Code   208  bsp_clock.o(.text)
    BspWwdgConfiguration                     0x080004bd   Thumb Code    40  bsp_clock.o(.text)
    BspIwdgConfiguration                     0x080004e5   Thumb Code    52  bsp_clock.o(.text)
    BspGpioInit                              0x08000525   Thumb Code   250  bsp_gpio.o(.text)
    BspDialSwitch                            0x0800061f   Thumb Code    14  bsp_gpio.o(.text)
    BspGlobalWrite                           0x0800062d   Thumb Code    76  bsp_gpio.o(.text)
    BspGlobalWriteInit                       0x08000679   Thumb Code    86  bsp_gpio.o(.text)
    BspGlobalInit                            0x080006cf   Thumb Code   202  bsp_gpio.o(.text)
    BspGlobalRead                            0x08000799   Thumb Code   166  bsp_gpio.o(.text)
    BspRs232NvicInit                         0x08000871   Thumb Code    32  bsp232.o(.text)
    BspRs232Init                             0x08000891   Thumb Code   142  bsp232.o(.text)
    BspRs232Write                            0x0800091f   Thumb Code    74  bsp232.o(.text)
    BspRs232Clear                            0x08000969   Thumb Code    16  bsp232.o(.text)
    OnceWorkingProcessFunc                   0x08000991   Thumb Code   120  rs232.o(.text)
    Rs232SendData                            0x08000a09   Thumb Code   196  rs232.o(.text)
    ConfigProcessFunc                        0x08000acd   Thumb Code   130  rs232.o(.text)
    Rx232ProcessFunc                         0x08000b4f   Thumb Code   204  rs232.o(.text)
    Rs232SendZeroData                        0x08000c1b   Thumb Code   182  rs232.o(.text)
    Rs232SendNoneData                        0x08000cd1   Thumb Code   240  rs232.o(.text)
    Rs232SendData_Run_Func                   0x08000dc1   Thumb Code   106  rs232.o(.text)
    led_display                              0x08000e3d   Thumb Code    64  port.o(.text)
    Output_display                           0x08000e7d   Thumb Code    86  port.o(.text)
    NoneTape_Func                            0x08000ed3   Thumb Code    32  port.o(.text)
    TIM3_PWM_Init                            0x08000f2d   Thumb Code   194  timer.o(.text)
    StepRun_Func                             0x08000fef   Thumb Code   140  timer.o(.text)
    StepOnce_Func                            0x0800107b   Thumb Code   126  timer.o(.text)
    EXITX_Init                               0x08001115   Thumb Code   104  exit.o(.text)
    SystemInit                               0x0800125f   Thumb Code    78  system_stm32f10x.o(.text)
    SystemCoreClockUpdate                    0x080012ad   Thumb Code   142  system_stm32f10x.o(.text)
    Reset_Handler                            0x08001369   Thumb Code     8  startup_stm32f10x_md.o(.text)
    CAN1_RX1_IRQHandler                      0x08001383   Thumb Code     0  startup_stm32f10x_md.o(.text)
    CAN1_SCE_IRQHandler                      0x08001383   Thumb Code     0  startup_stm32f10x_md.o(.text)
    DMA1_Channel1_IRQHandler                 0x08001383   Thumb Code     0  startup_stm32f10x_md.o(.text)
    DMA1_Channel2_IRQHandler                 0x08001383   Thumb Code     0  startup_stm32f10x_md.o(.text)
    DMA1_Channel3_IRQHandler                 0x08001383   Thumb Code     0  startup_stm32f10x_md.o(.text)
    DMA1_Channel6_IRQHandler                 0x08001383   Thumb Code     0  startup_stm32f10x_md.o(.text)
    DMA1_Channel7_IRQHandler                 0x08001383   Thumb Code     0  startup_stm32f10x_md.o(.text)
    EXTI15_10_IRQHandler                     0x08001383   Thumb Code     0  startup_stm32f10x_md.o(.text)
    EXTI2_IRQHandler                         0x08001383   Thumb Code     0  startup_stm32f10x_md.o(.text)
    EXTI3_IRQHandler                         0x08001383   Thumb Code     0  startup_stm32f10x_md.o(.text)
    FLASH_IRQHandler                         0x08001383   Thumb Code     0  startup_stm32f10x_md.o(.text)
    I2C1_ER_IRQHandler                       0x08001383   Thumb Code     0  startup_stm32f10x_md.o(.text)
    I2C1_EV_IRQHandler                       0x08001383   Thumb Code     0  startup_stm32f10x_md.o(.text)
    I2C2_ER_IRQHandler                       0x08001383   Thumb Code     0  startup_stm32f10x_md.o(.text)
    I2C2_EV_IRQHandler                       0x08001383   Thumb Code     0  startup_stm32f10x_md.o(.text)
    PVD_IRQHandler                           0x08001383   Thumb Code     0  startup_stm32f10x_md.o(.text)
    RCC_IRQHandler                           0x08001383   Thumb Code     0  startup_stm32f10x_md.o(.text)
    RTCAlarm_IRQHandler                      0x08001383   Thumb Code     0  startup_stm32f10x_md.o(.text)
    SPI1_IRQHandler                          0x08001383   Thumb Code     0  startup_stm32f10x_md.o(.text)
    SPI2_IRQHandler                          0x08001383   Thumb Code     0  startup_stm32f10x_md.o(.text)
    TAMPER_IRQHandler                        0x08001383   Thumb Code     0  startup_stm32f10x_md.o(.text)
    TIM1_BRK_IRQHandler                      0x08001383   Thumb Code     0  startup_stm32f10x_md.o(.text)
    TIM1_CC_IRQHandler                       0x08001383   Thumb Code     0  startup_stm32f10x_md.o(.text)
    TIM1_TRG_COM_IRQHandler                  0x08001383   Thumb Code     0  startup_stm32f10x_md.o(.text)
    TIM1_UP_IRQHandler                       0x08001383   Thumb Code     0  startup_stm32f10x_md.o(.text)
    USBWakeUp_IRQHandler                     0x08001383   Thumb Code     0  startup_stm32f10x_md.o(.text)
    USB_HP_CAN1_TX_IRQHandler                0x08001383   Thumb Code     0  startup_stm32f10x_md.o(.text)
    NVIC_PriorityGroupConfig                 0x0800138d   Thumb Code    10  misc.o(.text)
    NVIC_Init                                0x08001397   Thumb Code   100  misc.o(.text)
    NVIC_SetVectorTable                      0x080013fb   Thumb Code    14  misc.o(.text)
    NVIC_SystemLPConfig                      0x08001409   Thumb Code    34  misc.o(.text)
    SysTick_CLKSourceConfig                  0x0800142b   Thumb Code    40  misc.o(.text)
    BKP_DeInit                               0x08001469   Thumb Code    16  stm32f10x_bkp.o(.text)
    BKP_TamperPinLevelConfig                 0x08001479   Thumb Code     6  stm32f10x_bkp.o(.text)
    BKP_TamperPinCmd                         0x0800147f   Thumb Code     8  stm32f10x_bkp.o(.text)
    BKP_ITConfig                             0x08001487   Thumb Code     8  stm32f10x_bkp.o(.text)
    BKP_RTCOutputConfig                      0x0800148f   Thumb Code    22  stm32f10x_bkp.o(.text)
    BKP_SetRTCCalibrationValue               0x080014a5   Thumb Code    22  stm32f10x_bkp.o(.text)
    BKP_WriteBackupRegister                  0x080014bb   Thumb Code    24  stm32f10x_bkp.o(.text)
    BKP_ReadBackupRegister                   0x080014d3   Thumb Code    26  stm32f10x_bkp.o(.text)
    BKP_GetFlagStatus                        0x080014ed   Thumb Code    10  stm32f10x_bkp.o(.text)
    BKP_ClearFlag                            0x080014f7   Thumb Code    18  stm32f10x_bkp.o(.text)
    BKP_GetITStatus                          0x08001509   Thumb Code    10  stm32f10x_bkp.o(.text)
    BKP_ClearITPendingBit                    0x08001513   Thumb Code    18  stm32f10x_bkp.o(.text)
    EXTI_DeInit                              0x0800152d   Thumb Code    28  stm32f10x_exti.o(.text)
    EXTI_Init                                0x08001549   Thumb Code   142  stm32f10x_exti.o(.text)
    EXTI_StructInit                          0x080015d7   Thumb Code    16  stm32f10x_exti.o(.text)
    EXTI_GenerateSWInterrupt                 0x080015e7   Thumb Code    16  stm32f10x_exti.o(.text)
    EXTI_GetFlagStatus                       0x080015f7   Thumb Code    22  stm32f10x_exti.o(.text)
    EXTI_ClearFlag                           0x0800160d   Thumb Code     8  stm32f10x_exti.o(.text)
    EXTI_GetITStatus                         0x08001615   Thumb Code    34  stm32f10x_exti.o(.text)
    EXTI_ClearITPendingBit                   0x08001637   Thumb Code     8  stm32f10x_exti.o(.text)
    FLASH_SetLatency                         0x08001649   Thumb Code    18  stm32f10x_flash.o(.text)
    FLASH_HalfCycleAccessCmd                 0x0800165b   Thumb Code    22  stm32f10x_flash.o(.text)
    FLASH_PrefetchBufferCmd                  0x08001671   Thumb Code    22  stm32f10x_flash.o(.text)
    FLASH_Unlock                             0x08001687   Thumb Code    12  stm32f10x_flash.o(.text)
    FLASH_UnlockBank1                        0x08001693   Thumb Code    12  stm32f10x_flash.o(.text)
    FLASH_Lock                               0x0800169f   Thumb Code    14  stm32f10x_flash.o(.text)
    FLASH_LockBank1                          0x080016ad   Thumb Code    14  stm32f10x_flash.o(.text)
    FLASH_GetBank1Status                     0x080016bb   Thumb Code    48  stm32f10x_flash.o(.text)
    FLASH_WaitForLastOperation               0x080016eb   Thumb Code    38  stm32f10x_flash.o(.text)
    FLASH_ErasePage                          0x08001711   Thumb Code    72  stm32f10x_flash.o(.text)
    FLASH_EraseAllPages                      0x08001759   Thumb Code    68  stm32f10x_flash.o(.text)
    FLASH_WaitForLastBank1Operation          0x0800179d   Thumb Code    38  stm32f10x_flash.o(.text)
    FLASH_EraseAllBank1Pages                 0x080017c3   Thumb Code    68  stm32f10x_flash.o(.text)
    FLASH_GetReadOutProtectionStatus         0x08001807   Thumb Code    20  stm32f10x_flash.o(.text)
    FLASH_EraseOptionBytes                   0x0800181b   Thumb Code   150  stm32f10x_flash.o(.text)
    FLASH_ProgramWord                        0x080018b1   Thumb Code   102  stm32f10x_flash.o(.text)
    FLASH_ProgramHalfWord                    0x08001917   Thumb Code    60  stm32f10x_flash.o(.text)
    FLASH_ProgramOptionByteData              0x08001953   Thumb Code    72  stm32f10x_flash.o(.text)
    FLASH_EnableWriteProtection              0x0800199b   Thumb Code   200  stm32f10x_flash.o(.text)
    FLASH_ReadOutProtection                  0x08001a63   Thumb Code   156  stm32f10x_flash.o(.text)
    FLASH_UserOptionByteConfig               0x08001aff   Thumb Code    88  stm32f10x_flash.o(.text)
    FLASH_GetUserOptionByte                  0x08001b57   Thumb Code     8  stm32f10x_flash.o(.text)
    FLASH_GetWriteProtectionOptionByte       0x08001b5f   Thumb Code     6  stm32f10x_flash.o(.text)
    FLASH_GetPrefetchBufferStatus            0x08001b65   Thumb Code    20  stm32f10x_flash.o(.text)
    FLASH_ITConfig                           0x08001b79   Thumb Code    26  stm32f10x_flash.o(.text)
    FLASH_GetFlagStatus                      0x08001b93   Thumb Code    42  stm32f10x_flash.o(.text)
    FLASH_ClearFlag                          0x08001bbd   Thumb Code     6  stm32f10x_flash.o(.text)
    FLASH_GetStatus                          0x08001bc3   Thumb Code    48  stm32f10x_flash.o(.text)
    GPIO_DeInit                              0x08001c05   Thumb Code   172  stm32f10x_gpio.o(.text)
    GPIO_AFIODeInit                          0x08001cb1   Thumb Code    20  stm32f10x_gpio.o(.text)
    GPIO_Init                                0x08001cc5   Thumb Code   278  stm32f10x_gpio.o(.text)
    GPIO_StructInit                          0x08001ddb   Thumb Code    16  stm32f10x_gpio.o(.text)
    GPIO_ReadInputDataBit                    0x08001deb   Thumb Code    18  stm32f10x_gpio.o(.text)
    GPIO_ReadInputData                       0x08001dfd   Thumb Code     8  stm32f10x_gpio.o(.text)
    GPIO_ReadOutputDataBit                   0x08001e05   Thumb Code    18  stm32f10x_gpio.o(.text)
    GPIO_ReadOutputData                      0x08001e17   Thumb Code     8  stm32f10x_gpio.o(.text)
    GPIO_SetBits                             0x08001e1f   Thumb Code     4  stm32f10x_gpio.o(.text)
    GPIO_ResetBits                           0x08001e23   Thumb Code     4  stm32f10x_gpio.o(.text)
    GPIO_WriteBit                            0x08001e27   Thumb Code    10  stm32f10x_gpio.o(.text)
    GPIO_Write                               0x08001e31   Thumb Code     4  stm32f10x_gpio.o(.text)
    GPIO_PinLockConfig                       0x08001e35   Thumb Code    18  stm32f10x_gpio.o(.text)
    GPIO_EventOutputConfig                   0x08001e47   Thumb Code    26  stm32f10x_gpio.o(.text)
    GPIO_EventOutputCmd                      0x08001e61   Thumb Code     6  stm32f10x_gpio.o(.text)
    GPIO_PinRemapConfig                      0x08001e67   Thumb Code   138  stm32f10x_gpio.o(.text)
    GPIO_EXTILineConfig                      0x08001ef1   Thumb Code    66  stm32f10x_gpio.o(.text)
    GPIO_ETH_MediaInterfaceConfig            0x08001f33   Thumb Code     8  stm32f10x_gpio.o(.text)
    IWDG_WriteAccessCmd                      0x08001f61   Thumb Code     6  stm32f10x_iwdg.o(.text)
    IWDG_SetPrescaler                        0x08001f67   Thumb Code     6  stm32f10x_iwdg.o(.text)
    IWDG_SetReload                           0x08001f6d   Thumb Code     6  stm32f10x_iwdg.o(.text)
    IWDG_ReloadCounter                       0x08001f73   Thumb Code    10  stm32f10x_iwdg.o(.text)
    IWDG_Enable                              0x08001f7d   Thumb Code    10  stm32f10x_iwdg.o(.text)
    IWDG_GetFlagStatus                       0x08001f87   Thumb Code    20  stm32f10x_iwdg.o(.text)
    PWR_DeInit                               0x08001fa1   Thumb Code    22  stm32f10x_pwr.o(.text)
    PWR_BackupAccessCmd                      0x08001fb7   Thumb Code     6  stm32f10x_pwr.o(.text)
    PWR_PVDCmd                               0x08001fbd   Thumb Code     6  stm32f10x_pwr.o(.text)
    PWR_PVDLevelConfig                       0x08001fc3   Thumb Code    18  stm32f10x_pwr.o(.text)
    PWR_WakeUpPinCmd                         0x08001fd5   Thumb Code     8  stm32f10x_pwr.o(.text)
    PWR_EnterSTOPMode                        0x08001fdd   Thumb Code    54  stm32f10x_pwr.o(.text)
    PWR_EnterSTANDBYMode                     0x08002013   Thumb Code    42  stm32f10x_pwr.o(.text)
    PWR_GetFlagStatus                        0x0800203d   Thumb Code    20  stm32f10x_pwr.o(.text)
    PWR_ClearFlag                            0x08002051   Thumb Code    14  stm32f10x_pwr.o(.text)
    RCC_DeInit                               0x0800206d   Thumb Code    64  stm32f10x_rcc.o(.text)
    RCC_HSEConfig                            0x080020ad   Thumb Code    70  stm32f10x_rcc.o(.text)
    RCC_GetFlagStatus                        0x080020f3   Thumb Code    56  stm32f10x_rcc.o(.text)
    RCC_WaitForHSEStartUp                    0x0800212b   Thumb Code    56  stm32f10x_rcc.o(.text)
    RCC_AdjustHSICalibrationValue            0x08002163   Thumb Code    20  stm32f10x_rcc.o(.text)
    RCC_HSICmd                               0x08002177   Thumb Code     6  stm32f10x_rcc.o(.text)
    RCC_PLLConfig                            0x0800217d   Thumb Code    24  stm32f10x_rcc.o(.text)
    RCC_PLLCmd                               0x08002195   Thumb Code     6  stm32f10x_rcc.o(.text)
    RCC_SYSCLKConfig                         0x0800219b   Thumb Code    18  stm32f10x_rcc.o(.text)
    RCC_GetSYSCLKSource                      0x080021ad   Thumb Code    10  stm32f10x_rcc.o(.text)
    RCC_HCLKConfig                           0x080021b7   Thumb Code    18  stm32f10x_rcc.o(.text)
    RCC_PCLK1Config                          0x080021c9   Thumb Code    18  stm32f10x_rcc.o(.text)
    RCC_PCLK2Config                          0x080021db   Thumb Code    20  stm32f10x_rcc.o(.text)
    RCC_ITConfig                             0x080021ef   Thumb Code    26  stm32f10x_rcc.o(.text)
    RCC_USBCLKConfig                         0x08002209   Thumb Code     8  stm32f10x_rcc.o(.text)
    RCC_ADCCLKConfig                         0x08002211   Thumb Code    18  stm32f10x_rcc.o(.text)
    RCC_LSEConfig                            0x08002223   Thumb Code    50  stm32f10x_rcc.o(.text)
    RCC_LSICmd                               0x08002255   Thumb Code     6  stm32f10x_rcc.o(.text)
    RCC_RTCCLKConfig                         0x0800225b   Thumb Code    12  stm32f10x_rcc.o(.text)
    RCC_RTCCLKCmd                            0x08002267   Thumb Code     8  stm32f10x_rcc.o(.text)
    RCC_GetClocksFreq                        0x0800226f   Thumb Code   192  stm32f10x_rcc.o(.text)
    RCC_AHBPeriphClockCmd                    0x0800232f   Thumb Code    26  stm32f10x_rcc.o(.text)
    RCC_APB2PeriphClockCmd                   0x08002349   Thumb Code    26  stm32f10x_rcc.o(.text)
    RCC_APB1PeriphClockCmd                   0x08002363   Thumb Code    26  stm32f10x_rcc.o(.text)
    RCC_APB2PeriphResetCmd                   0x0800237d   Thumb Code    26  stm32f10x_rcc.o(.text)
    RCC_APB1PeriphResetCmd                   0x08002397   Thumb Code    26  stm32f10x_rcc.o(.text)
    RCC_BackupResetCmd                       0x080023b1   Thumb Code     8  stm32f10x_rcc.o(.text)
    RCC_ClockSecuritySystemCmd               0x080023b9   Thumb Code     6  stm32f10x_rcc.o(.text)
    RCC_MCOConfig                            0x080023bf   Thumb Code     6  stm32f10x_rcc.o(.text)
    RCC_ClearFlag                            0x080023c5   Thumb Code    14  stm32f10x_rcc.o(.text)
    RCC_GetITStatus                          0x080023d3   Thumb Code    20  stm32f10x_rcc.o(.text)
    RCC_ClearITPendingBit                    0x080023e7   Thumb Code     6  stm32f10x_rcc.o(.text)
    RTC_ITConfig                             0x08002419   Thumb Code    26  stm32f10x_rtc.o(.text)
    RTC_EnterConfigMode                      0x08002433   Thumb Code    18  stm32f10x_rtc.o(.text)
    RTC_ExitConfigMode                       0x08002445   Thumb Code    20  stm32f10x_rtc.o(.text)
    RTC_GetCounter                           0x08002459   Thumb Code    18  stm32f10x_rtc.o(.text)
    RTC_SetCounter                           0x0800246b   Thumb Code    26  stm32f10x_rtc.o(.text)
    RTC_SetPrescaler                         0x08002485   Thumb Code    28  stm32f10x_rtc.o(.text)
    RTC_SetAlarm                             0x080024a1   Thumb Code    26  stm32f10x_rtc.o(.text)
    RTC_GetDivider                           0x080024bb   Thumb Code    22  stm32f10x_rtc.o(.text)
    RTC_WaitForLastTask                      0x080024d1   Thumb Code    18  stm32f10x_rtc.o(.text)
    RTC_WaitForSynchro                       0x080024e3   Thumb Code    36  stm32f10x_rtc.o(.text)
    RTC_GetFlagStatus                        0x08002507   Thumb Code    22  stm32f10x_rtc.o(.text)
    RTC_ClearFlag                            0x0800251d   Thumb Code    16  stm32f10x_rtc.o(.text)
    RTC_GetITStatus                          0x0800252d   Thumb Code    32  stm32f10x_rtc.o(.text)
    RTC_ClearITPendingBit                    0x0800254d   Thumb Code    16  stm32f10x_rtc.o(.text)
    TIM_DeInit                               0x08002561   Thumb Code   424  stm32f10x_tim.o(.text)
    TIM_TimeBaseInit                         0x08002709   Thumb Code   122  stm32f10x_tim.o(.text)
    TIM_OC1Init                              0x08002783   Thumb Code   132  stm32f10x_tim.o(.text)
    TIM_OC2Init                              0x08002807   Thumb Code   154  stm32f10x_tim.o(.text)
    TIM_OC3Init                              0x080028a1   Thumb Code   150  stm32f10x_tim.o(.text)
    TIM_OC4Init                              0x08002937   Thumb Code   182  stm32f10x_tim.o(.text)
    TIM_SetIC4Prescaler                      0x080029ed   Thumb Code    26  stm32f10x_tim.o(.text)
    TIM_SetIC3Prescaler                      0x08002a89   Thumb Code    18  stm32f10x_tim.o(.text)
    TIM_SetIC2Prescaler                      0x08002b15   Thumb Code    26  stm32f10x_tim.o(.text)
    TIM_SetIC1Prescaler                      0x08002bb1   Thumb Code    18  stm32f10x_tim.o(.text)
    TIM_ICInit                               0x08002c2f   Thumb Code   150  stm32f10x_tim.o(.text)
    TIM_PWMIConfig                           0x08002cc5   Thumb Code   124  stm32f10x_tim.o(.text)
    TIM_BDTRConfig                           0x08002d41   Thumb Code    32  stm32f10x_tim.o(.text)
    TIM_TimeBaseStructInit                   0x08002d61   Thumb Code    18  stm32f10x_tim.o(.text)
    TIM_OCStructInit                         0x08002d73   Thumb Code    20  stm32f10x_tim.o(.text)
    TIM_ICStructInit                         0x08002d87   Thumb Code    18  stm32f10x_tim.o(.text)
    TIM_BDTRStructInit                       0x08002d99   Thumb Code    40  stm32f10x_tim.o(.text)
    TIM_Cmd                                  0x08002dc1   Thumb Code    24  stm32f10x_tim.o(.text)
    TIM_CtrlPWMOutputs                       0x08002dd9   Thumb Code    30  stm32f10x_tim.o(.text)
    TIM_ITConfig                             0x08002df7   Thumb Code    18  stm32f10x_tim.o(.text)
    TIM_GenerateEvent                        0x08002e09   Thumb Code     4  stm32f10x_tim.o(.text)
    TIM_DMAConfig                            0x08002e0d   Thumb Code    10  stm32f10x_tim.o(.text)
    TIM_DMACmd                               0x08002e17   Thumb Code    18  stm32f10x_tim.o(.text)
    TIM_InternalClockConfig                  0x08002e29   Thumb Code    12  stm32f10x_tim.o(.text)
    TIM_SelectInputTrigger                   0x08002e35   Thumb Code    18  stm32f10x_tim.o(.text)
    TIM_ITRxExternalClockConfig              0x08002e47   Thumb Code    24  stm32f10x_tim.o(.text)
    TIM_TIxExternalClockConfig               0x08002e5f   Thumb Code    62  stm32f10x_tim.o(.text)
    TIM_ETRConfig                            0x08002e9d   Thumb Code    28  stm32f10x_tim.o(.text)
    TIM_ETRClockMode1Config                  0x08002eb9   Thumb Code    54  stm32f10x_tim.o(.text)
    TIM_ETRClockMode2Config                  0x08002eef   Thumb Code    32  stm32f10x_tim.o(.text)
    TIM_PrescalerConfig                      0x08002f0f   Thumb Code     6  stm32f10x_tim.o(.text)
    TIM_CounterModeConfig                    0x08002f15   Thumb Code    18  stm32f10x_tim.o(.text)
    TIM_EncoderInterfaceConfig               0x08002f27   Thumb Code    66  stm32f10x_tim.o(.text)
    TIM_ForcedOC1Config                      0x08002f69   Thumb Code    18  stm32f10x_tim.o(.text)
    TIM_ForcedOC2Config                      0x08002f7b   Thumb Code    26  stm32f10x_tim.o(.text)
    TIM_ForcedOC3Config                      0x08002f95   Thumb Code    18  stm32f10x_tim.o(.text)
    TIM_ForcedOC4Config                      0x08002fa7   Thumb Code    26  stm32f10x_tim.o(.text)
    TIM_ARRPreloadConfig                     0x08002fc1   Thumb Code    24  stm32f10x_tim.o(.text)
    TIM_SelectCOM                            0x08002fd9   Thumb Code    24  stm32f10x_tim.o(.text)
    TIM_SelectCCDMA                          0x08002ff1   Thumb Code    24  stm32f10x_tim.o(.text)
    TIM_CCPreloadControl                     0x08003009   Thumb Code    24  stm32f10x_tim.o(.text)
    TIM_OC1PreloadConfig                     0x08003021   Thumb Code    18  stm32f10x_tim.o(.text)
    TIM_OC2PreloadConfig                     0x08003033   Thumb Code    26  stm32f10x_tim.o(.text)
    TIM_OC3PreloadConfig                     0x0800304d   Thumb Code    18  stm32f10x_tim.o(.text)
    TIM_OC4PreloadConfig                     0x0800305f   Thumb Code    26  stm32f10x_tim.o(.text)
    TIM_OC1FastConfig                        0x08003079   Thumb Code    18  stm32f10x_tim.o(.text)
    TIM_OC2FastConfig                        0x0800308b   Thumb Code    26  stm32f10x_tim.o(.text)
    TIM_OC3FastConfig                        0x080030a5   Thumb Code    18  stm32f10x_tim.o(.text)
    TIM_OC4FastConfig                        0x080030b7   Thumb Code    26  stm32f10x_tim.o(.text)
    TIM_ClearOC1Ref                          0x080030d1   Thumb Code    18  stm32f10x_tim.o(.text)
    TIM_ClearOC2Ref                          0x080030e3   Thumb Code    24  stm32f10x_tim.o(.text)
    TIM_ClearOC3Ref                          0x080030fb   Thumb Code    18  stm32f10x_tim.o(.text)
    TIM_ClearOC4Ref                          0x0800310d   Thumb Code    24  stm32f10x_tim.o(.text)
    TIM_OC1PolarityConfig                    0x08003125   Thumb Code    18  stm32f10x_tim.o(.text)
    TIM_OC1NPolarityConfig                   0x08003137   Thumb Code    18  stm32f10x_tim.o(.text)
    TIM_OC2PolarityConfig                    0x08003149   Thumb Code    26  stm32f10x_tim.o(.text)
    TIM_OC2NPolarityConfig                   0x08003163   Thumb Code    26  stm32f10x_tim.o(.text)
    TIM_OC3PolarityConfig                    0x0800317d   Thumb Code    26  stm32f10x_tim.o(.text)
    TIM_OC3NPolarityConfig                   0x08003197   Thumb Code    26  stm32f10x_tim.o(.text)
    TIM_OC4PolarityConfig                    0x080031b1   Thumb Code    26  stm32f10x_tim.o(.text)
    TIM_CCxCmd                               0x080031cb   Thumb Code    30  stm32f10x_tim.o(.text)
    TIM_CCxNCmd                              0x080031e9   Thumb Code    30  stm32f10x_tim.o(.text)
    TIM_SelectOCxM                           0x08003207   Thumb Code    82  stm32f10x_tim.o(.text)
    TIM_UpdateDisableConfig                  0x08003259   Thumb Code    24  stm32f10x_tim.o(.text)
    TIM_UpdateRequestConfig                  0x08003271   Thumb Code    24  stm32f10x_tim.o(.text)
    TIM_SelectHallSensor                     0x08003289   Thumb Code    24  stm32f10x_tim.o(.text)
    TIM_SelectOnePulseMode                   0x080032a1   Thumb Code    18  stm32f10x_tim.o(.text)
    TIM_SelectOutputTrigger                  0x080032b3   Thumb Code    18  stm32f10x_tim.o(.text)
    TIM_SelectSlaveMode                      0x080032c5   Thumb Code    18  stm32f10x_tim.o(.text)
    TIM_SelectMasterSlaveMode                0x080032d7   Thumb Code    18  stm32f10x_tim.o(.text)
    TIM_SetCounter                           0x080032e9   Thumb Code     4  stm32f10x_tim.o(.text)
    TIM_SetAutoreload                        0x080032ed   Thumb Code     4  stm32f10x_tim.o(.text)
    TIM_SetCompare1                          0x080032f1   Thumb Code     4  stm32f10x_tim.o(.text)
    TIM_SetCompare2                          0x080032f5   Thumb Code     4  stm32f10x_tim.o(.text)
    TIM_SetCompare3                          0x080032f9   Thumb Code     4  stm32f10x_tim.o(.text)
    TIM_SetCompare4                          0x080032fd   Thumb Code     6  stm32f10x_tim.o(.text)
    TIM_SetClockDivision                     0x08003303   Thumb Code    18  stm32f10x_tim.o(.text)
    TIM_GetCapture1                          0x08003315   Thumb Code     6  stm32f10x_tim.o(.text)
    TIM_GetCapture2                          0x0800331b   Thumb Code     6  stm32f10x_tim.o(.text)
    TIM_GetCapture3                          0x08003321   Thumb Code     6  stm32f10x_tim.o(.text)
    TIM_GetCapture4                          0x08003327   Thumb Code     8  stm32f10x_tim.o(.text)
    TIM_GetCounter                           0x0800332f   Thumb Code     6  stm32f10x_tim.o(.text)
    TIM_GetPrescaler                         0x08003335   Thumb Code     6  stm32f10x_tim.o(.text)
    TIM_GetFlagStatus                        0x0800333b   Thumb Code    18  stm32f10x_tim.o(.text)
    TIM_ClearFlag                            0x0800334d   Thumb Code     6  stm32f10x_tim.o(.text)
    TIM_GetITStatus                          0x08003353   Thumb Code    34  stm32f10x_tim.o(.text)
    TIM_ClearITPendingBit                    0x08003375   Thumb Code     6  stm32f10x_tim.o(.text)
    USART_DeInit                             0x0800337d   Thumb Code   134  stm32f10x_usart.o(.text)
    USART_Init                               0x08003403   Thumb Code   210  stm32f10x_usart.o(.text)
    USART_StructInit                         0x080034d5   Thumb Code    24  stm32f10x_usart.o(.text)
    USART_ClockInit                          0x080034ed   Thumb Code    34  stm32f10x_usart.o(.text)
    USART_ClockStructInit                    0x0800350f   Thumb Code    12  stm32f10x_usart.o(.text)
    USART_Cmd                                0x0800351b   Thumb Code    24  stm32f10x_usart.o(.text)
    USART_ITConfig                           0x08003533   Thumb Code    74  stm32f10x_usart.o(.text)
    USART_DMACmd                             0x0800357d   Thumb Code    18  stm32f10x_usart.o(.text)
    USART_SetAddress                         0x0800358f   Thumb Code    18  stm32f10x_usart.o(.text)
    USART_WakeUpConfig                       0x080035a1   Thumb Code    18  stm32f10x_usart.o(.text)
    USART_ReceiverWakeUpCmd                  0x080035b3   Thumb Code    24  stm32f10x_usart.o(.text)
    USART_LINBreakDetectLengthConfig         0x080035cb   Thumb Code    18  stm32f10x_usart.o(.text)
    USART_LINCmd                             0x080035dd   Thumb Code    24  stm32f10x_usart.o(.text)
    USART_SendData                           0x080035f5   Thumb Code     8  stm32f10x_usart.o(.text)
    USART_ReceiveData                        0x080035fd   Thumb Code    10  stm32f10x_usart.o(.text)
    USART_SendBreak                          0x08003607   Thumb Code    10  stm32f10x_usart.o(.text)
    USART_SetGuardTime                       0x08003611   Thumb Code    16  stm32f10x_usart.o(.text)
    USART_SetPrescaler                       0x08003621   Thumb Code    16  stm32f10x_usart.o(.text)
    USART_SmartCardCmd                       0x08003631   Thumb Code    24  stm32f10x_usart.o(.text)
    USART_SmartCardNACKCmd                   0x08003649   Thumb Code    24  stm32f10x_usart.o(.text)
    USART_HalfDuplexCmd                      0x08003661   Thumb Code    24  stm32f10x_usart.o(.text)
    USART_OverSampling8Cmd                   0x08003679   Thumb Code    22  stm32f10x_usart.o(.text)
    USART_OneBitMethodCmd                    0x0800368f   Thumb Code    24  stm32f10x_usart.o(.text)
    USART_IrDAConfig                         0x080036a7   Thumb Code    18  stm32f10x_usart.o(.text)
    USART_IrDACmd                            0x080036b9   Thumb Code    24  stm32f10x_usart.o(.text)
    USART_GetFlagStatus                      0x080036d1   Thumb Code    26  stm32f10x_usart.o(.text)
    USART_ClearFlag                          0x080036eb   Thumb Code    18  stm32f10x_usart.o(.text)
    USART_GetITStatus                        0x080036fd   Thumb Code    84  stm32f10x_usart.o(.text)
    USART_ClearITPendingBit                  0x08003751   Thumb Code    52  stm32f10x_usart.o(.text)
    WWDG_DeInit                              0x08003785   Thumb Code    22  stm32f10x_wwdg.o(.text)
    WWDG_SetPrescaler                        0x0800379b   Thumb Code    18  stm32f10x_wwdg.o(.text)
    WWDG_SetWindowValue                      0x080037ad   Thumb Code    34  stm32f10x_wwdg.o(.text)
    WWDG_EnableIT                            0x080037cf   Thumb Code     8  stm32f10x_wwdg.o(.text)
    WWDG_SetCounter                          0x080037d7   Thumb Code    12  stm32f10x_wwdg.o(.text)
    WWDG_Enable                              0x080037e3   Thumb Code    12  stm32f10x_wwdg.o(.text)
    WWDG_GetFlagStatus                       0x080037ef   Thumb Code    10  stm32f10x_wwdg.o(.text)
    WWDG_ClearFlag                           0x080037f9   Thumb Code    10  stm32f10x_wwdg.o(.text)
    __aeabi_dmul                             0x0800380d   Thumb Code   228  dmul.o(.text)
    __aeabi_ui2d                             0x080038f1   Thumb Code    26  dfltui.o(.text)
    __aeabi_d2uiz                            0x0800390b   Thumb Code    50  dfixui.o(.text)
    __aeabi_llsr                             0x0800393d   Thumb Code    32  llushr.o(.text)
    _ll_ushift_r                             0x0800393d   Thumb Code     0  llushr.o(.text)
    __I$use$fp                               0x0800395d   Thumb Code     0  iusefp.o(.text)
    _double_round                            0x0800395d   Thumb Code    30  depilogue.o(.text)
    _double_epilogue                         0x0800397b   Thumb Code   156  depilogue.o(.text)
    __scatterload                            0x08003a19   Thumb Code    28  init.o(.text)
    __scatterload_rt2                        0x08003a19   Thumb Code     0  init.o(.text)
    __aeabi_llsl                             0x08003a3d   Thumb Code    30  llshl.o(.text)
    _ll_shift_l                              0x08003a3d   Thumb Code     0  llshl.o(.text)
    __scatterload_copy                       0x08003a5b   Thumb Code    14  handlers.o(i.__scatterload_copy)
    __scatterload_null                       0x08003a69   Thumb Code     2  handlers.o(i.__scatterload_null)
    __scatterload_zeroinit                   0x08003a6b   Thumb Code    14  handlers.o(i.__scatterload_zeroinit)
    Region$$Table$$Base                      0x08003a78   Number         0  anon$$obj.o(Region$$Table)
    Region$$Table$$Limit                     0x08003a98   Number         0  anon$$obj.o(Region$$Table)
    OutputLedStatus                          0x20000000   Data           1  main.o(.data)
    OnceFlag                                 0x20000001   Data           1  main.o(.data)
    ServoPlusCheck                           0x20000004   Data           4  stm32f10x_it.o(.data)
    LedTimer                                 0x20000008   Data           2  stm32f10x_it.o(.data)
    SendDataTimer                            0x2000000a   Data           2  stm32f10x_it.o(.data)
    DelayTimer                               0x2000000c   Data           2  stm32f10x_it.o(.data)
    GlobalStop                               0x2000000e   Data           1  bsp_gpio.o(.data)
    Rs232ReceiveCount                        0x20000010   Data           2  bsp232.o(.data)
    Rs232RxComplete                          0x20000012   Data           1  bsp232.o(.data)
    Rs232Time1                               0x20000014   Data           2  bsp232.o(.data)
    BspRs232LedTime                          0x20000016   Data           2  bsp232.o(.data)
    Speed_Value                              0x20000018   Data           2  rs232.o(.data)
    Length_Value                             0x2000001a   Data           2  rs232.o(.data)
    WorkNumber_Value                         0x2000001c   Data           2  rs232.o(.data)
    Rs232ProcessLength                       0x2000001e   Data           1  rs232.o(.data)
    High                                     0x2000001f   Data           1  rs232.o(.data)
    Low                                      0x20000020   Data           1  rs232.o(.data)
    Start_Flag                               0x20000021   Data           1  rs232.o(.data)
    PowerOn_Flag                             0x20000022   Data           1  rs232.o(.data)
    Mode                                     0x20000023   Data           1  rs232.o(.data)
    NoneTapeFlag                             0x20000024   Data           1  port.o(.data)
    StepCount                                0x20000028   Data           4  timer.o(.data)
    BspTimSpeed                              0x2000002c   Data           2  timer.o(.data)
    BspTimPeriod                             0x2000002e   Data           2  timer.o(.data)
    BspTimPulse                              0x20000030   Data           2  timer.o(.data)
    SystemCoreClock                          0x20000034   Data           4  system_stm32f10x.o(.data)
    AHBPrescTable                            0x20000038   Data          16  system_stm32f10x.o(.data)
    GlobalWriteData                          0x2000005c   Data          54  bsp_gpio.o(.bss)
    GlobalReadData                           0x20000092   Data          54  bsp_gpio.o(.bss)
    GlobalDevice                             0x200000c8   Data          18  bsp_gpio.o(.bss)
    Rs232RxBuffer                            0x200000da   Data         512  bsp232.o(.bss)
    Rs232TxBuffer                            0x200002da   Data         512  bsp232.o(.bss)
    Rs232RxProcessBuffer                     0x200004da   Data         512  rs232.o(.bss)
    __initial_sp                             0x20000ae0   Data           0  startup_stm32f10x_md.o(STACK)



==============================================================================

Memory Map of the image

  Image Entry point : 0x080000ed

  Load Region LR_IROM1 (Base: 0x08000000, Size: 0x00003af4, Max: 0x00020000, ABSOLUTE)

    Execution Region ER_IROM1 (Base: 0x08000000, Size: 0x00003a98, Max: 0x00020000, ABSOLUTE)

    Base Addr    Size         Type   Attr      Idx    E Section Name        Object

    0x08000000   0x000000ec   Data   RO          365    RESET               startup_stm32f10x_md.o
    0x080000ec   0x00000000   Code   RO          648  * .ARM.Collect$$$$00000000  mc_w.l(entry.o)
    0x080000ec   0x00000004   Code   RO          657    .ARM.Collect$$$$00000001  mc_w.l(entry2.o)
    0x080000f0   0x00000004   Code   RO          660    .ARM.Collect$$$$00000004  mc_w.l(entry5.o)
    0x080000f4   0x00000000   Code   RO          662    .ARM.Collect$$$$00000008  mc_w.l(entry7b.o)
    0x080000f4   0x00000000   Code   RO          664    .ARM.Collect$$$$0000000A  mc_w.l(entry8b.o)
    0x080000f4   0x00000008   Code   RO          665    .ARM.Collect$$$$0000000B  mc_w.l(entry9a.o)
    0x080000fc   0x00000000   Code   RO          667    .ARM.Collect$$$$0000000D  mc_w.l(entry10a.o)
    0x080000fc   0x00000000   Code   RO          669    .ARM.Collect$$$$0000000F  mc_w.l(entry11a.o)
    0x080000fc   0x00000004   Code   RO          658    .ARM.Collect$$$$00002712  mc_w.l(entry2.o)
    0x08000100   0x000000b8   Code   RO            1    .text               main.o
    0x080001b8   0x00000220   Code   RO          158    .text               stm32f10x_it.o
    0x080003d8   0x00000014   Code   RO          177    .text               bsp.o
    0x080003ec   0x00000138   Code   RO          192    .text               bsp_clock.o
    0x08000524   0x0000034c   Code   RO          208    .text               bsp_gpio.o
    0x08000870   0x00000120   Code   RO          225    .text               bsp232.o
    0x08000990   0x000004ac   Code   RO          242    .text               rs232.o
    0x08000e3c   0x000000f0   Code   RO          259    .text               port.o
    0x08000f2c   0x000001e8   Code   RO          304    .text               timer.o
    0x08001114   0x0000006c   Code   RO          323    .text               exit.o
    0x08001180   0x000001e8   Code   RO          345    .text               system_stm32f10x.o
    0x08001368   0x00000024   Code   RO          366    .text               startup_stm32f10x_md.o
    0x0800138c   0x000000dc   Code   RO          370    .text               misc.o
    0x08001468   0x000000c4   Code   RO          394    .text               stm32f10x_bkp.o
    0x0800152c   0x0000011c   Code   RO          478    .text               stm32f10x_exti.o
    0x08001648   0x000005bc   Code   RO          490    .text               stm32f10x_flash.o
    0x08001c04   0x0000035c   Code   RO          514    .text               stm32f10x_gpio.o
    0x08001f60   0x00000040   Code   RO          538    .text               stm32f10x_iwdg.o
    0x08001fa0   0x000000cc   Code   RO          550    .text               stm32f10x_pwr.o
    0x0800206c   0x000003ac   Code   RO          562    .text               stm32f10x_rcc.o
    0x08002418   0x00000148   Code   RO          576    .text               stm32f10x_rtc.o
    0x08002560   0x00000e1a   Code   RO          612    .text               stm32f10x_tim.o
    0x0800337a   0x00000002   PAD
    0x0800337c   0x00000408   Code   RO          624    .text               stm32f10x_usart.o
    0x08003784   0x00000088   Code   RO          636    .text               stm32f10x_wwdg.o
    0x0800380c   0x000000e4   Code   RO          651    .text               mf_w.l(dmul.o)
    0x080038f0   0x0000001a   Code   RO          653    .text               mf_w.l(dfltui.o)
    0x0800390a   0x00000032   Code   RO          655    .text               mf_w.l(dfixui.o)
    0x0800393c   0x00000020   Code   RO          671    .text               mc_w.l(llushr.o)
    0x0800395c   0x00000000   Code   RO          673    .text               mc_w.l(iusefp.o)
    0x0800395c   0x000000ba   Code   RO          674    .text               mf_w.l(depilogue.o)
    0x08003a16   0x00000002   PAD
    0x08003a18   0x00000024   Code   RO          676    .text               mc_w.l(init.o)
    0x08003a3c   0x0000001e   Code   RO          678    .text               mc_w.l(llshl.o)
    0x08003a5a   0x0000000e   Code   RO          682    i.__scatterload_copy  mc_w.l(handlers.o)
    0x08003a68   0x00000002   Code   RO          683    i.__scatterload_null  mc_w.l(handlers.o)
    0x08003a6a   0x0000000e   Code   RO          684    i.__scatterload_zeroinit  mc_w.l(handlers.o)
    0x08003a78   0x00000020   Data   RO          680    Region$$Table       anon$$obj.o


    Execution Region RW_IRAM1 (Base: 0x20000000, Size: 0x00000ae0, Max: 0x00005000, ABSOLUTE)

    Base Addr    Size         Type   Attr      Idx    E Section Name        Object

    0x20000000   0x00000002   Data   RW            2    .data               main.o
    0x20000002   0x00000002   PAD
    0x20000004   0x0000000a   Data   RW          159    .data               stm32f10x_it.o
    0x2000000e   0x00000001   Data   RW          210    .data               bsp_gpio.o
    0x2000000f   0x00000001   PAD
    0x20000010   0x00000008   Data   RW          227    .data               bsp232.o
    0x20000018   0x0000000c   Data   RW          244    .data               rs232.o
    0x20000024   0x00000001   Data   RW          260    .data               port.o
    0x20000025   0x00000003   PAD
    0x20000028   0x0000000a   Data   RW          305    .data               timer.o
    0x20000032   0x00000002   PAD
    0x20000034   0x00000014   Data   RW          346    .data               system_stm32f10x.o
    0x20000048   0x00000014   Data   RW          563    .data               stm32f10x_rcc.o
    0x2000005c   0x0000007e   Zero   RW          209    .bss                bsp_gpio.o
    0x200000da   0x00000400   Zero   RW          226    .bss                bsp232.o
    0x200004da   0x00000200   Zero   RW          243    .bss                rs232.o
    0x200006da   0x00000006   PAD
    0x200006e0   0x00000400   Zero   RW          363    STACK               startup_stm32f10x_md.o


==============================================================================

Image component sizes


      Code (inc. data)   RO Data    RW Data    ZI Data      Debug   Object Name

        20          0          0          0          0        466   bsp.o
       288         24          0          8       1024       2092   bsp232.o
       312         12          0          0          0      16264   bsp_clock.o
       844         50          0          1        126       2526   bsp_gpio.o
       108          4          0          0          0        613   exit.o
       184         32          0          2          0     263388   main.o
       220         22          0          0          0       1841   misc.o
       240         58          0          1          0       1098   port.o
      1196         76          0         12        512       3635   rs232.o
        36          8        236          0       1024        852   startup_stm32f10x_md.o
       196          8          0          0          0       3508   stm32f10x_bkp.o
       284         10          0          0          0       2279   stm32f10x_exti.o
      1468         34          0          0          0       8078   stm32f10x_flash.o
       860         38          0          0          0       5689   stm32f10x_gpio.o
       544         78          0         10          0       4028   stm32f10x_it.o
        64          6          0          0          0       1293   stm32f10x_iwdg.o
       204         14          0          0          0       1939   stm32f10x_pwr.o
       940         44          0         20          0       8892   stm32f10x_rcc.o
       328          4          0          0          0       2694   stm32f10x_rtc.o
      3610         88          0          0          0      22176   stm32f10x_tim.o
      1032         22          0          0          0       8412   stm32f10x_usart.o
       136         10          0          0          0       2336   stm32f10x_wwdg.o
         0          0          0          0          0         32   sys.o
       488         46          0         20          0       1995   system_stm32f10x.o
       488         28          0         10          0       2321   timer.o

    ----------------------------------------------------------------------
     14092        716        268         92       2692     368447   Object Totals
         0          0         32          0          0          0   (incl. Generated)
         2          0          0          8          6          0   (incl. Padding)

    ----------------------------------------------------------------------

      Code (inc. data)   RO Data    RW Data    ZI Data      Debug   Library Member Name

         0          0          0          0          0          0   entry.o
         0          0          0          0          0          0   entry10a.o
         0          0          0          0          0          0   entry11a.o
         8          4          0          0          0          0   entry2.o
         4          0          0          0          0          0   entry5.o
         0          0          0          0          0          0   entry7b.o
         0          0          0          0          0          0   entry8b.o
         8          4          0          0          0          0   entry9a.o
        30          0          0          0          0          0   handlers.o
        36          8          0          0          0         68   init.o
         0          0          0          0          0          0   iusefp.o
        30          0          0          0          0         68   llshl.o
        32          0          0          0          0         68   llushr.o
       186          0          0          0          0        176   depilogue.o
        50          0          0          0          0         76   dfixui.o
        26          0          0          0          0         76   dfltui.o
       228          0          0          0          0         96   dmul.o

    ----------------------------------------------------------------------
       640         16          0          0          0        628   Library Totals
         2          0          0          0          0          0   (incl. Padding)

    ----------------------------------------------------------------------

      Code (inc. data)   RO Data    RW Data    ZI Data      Debug   Library Name

       148         16          0          0          0        204   mc_w.l
       490          0          0          0          0        424   mf_w.l

    ----------------------------------------------------------------------
       640         16          0          0          0        628   Library Totals

    ----------------------------------------------------------------------

==============================================================================


      Code (inc. data)   RO Data    RW Data    ZI Data      Debug   

     14732        732        268         92       2692     366159   Grand Totals
     14732        732        268         92       2692     366159   ELF Image Totals
     14732        732        268         92          0          0   ROM Totals

==============================================================================

    Total RO  Size (Code + RO Data)                15000 (  14.65kB)
    Total RW  Size (RW Data + ZI Data)              2784 (   2.72kB)
    Total ROM Size (Code + RO Data + RW Data)      15092 (  14.74kB)

==============================================================================

